###############################################################################
#
# IAR ELF Linker V8.11.2.13589/W32 for ARM                20/Nov/2017  21:42:01
# Copyright 2007-2017 IAR Systems AB.
#
#    Output file  =  
#        C:\STm32_proj\STm32f446xx\project\EWARM\project\Exe\project.out
#    Map file     =  
#        C:\STm32_proj\STm32f446xx\project\EWARM\project\List\project.map
#    Command line =  
#        -f C:\Users\Izzy\AppData\Local\Temp\EWE262.tmp
#        (C:\STm32_proj\STm32f446xx\project\EWARM\project\Obj\main.o
#        C:\STm32_proj\STm32f446xx\project\EWARM\project\Obj\mpu9250.o
#        C:\STm32_proj\STm32f446xx\project\EWARM\project\Obj\mpu9250_drv.o
#        C:\STm32_proj\STm32f446xx\project\EWARM\project\Obj\startup_stm32f446xx.o
#        C:\STm32_proj\STm32f446xx\project\EWARM\project\Obj\stm32f4xx_hal.o
#        C:\STm32_proj\STm32f446xx\project\EWARM\project\Obj\stm32f4xx_hal_cortex.o
#        C:\STm32_proj\STm32f446xx\project\EWARM\project\Obj\stm32f4xx_hal_dma.o
#        C:\STm32_proj\STm32f446xx\project\EWARM\project\Obj\stm32f4xx_hal_dma_ex.o
#        C:\STm32_proj\STm32f446xx\project\EWARM\project\Obj\stm32f4xx_hal_flash.o
#        C:\STm32_proj\STm32f446xx\project\EWARM\project\Obj\stm32f4xx_hal_flash_ex.o
#        C:\STm32_proj\STm32f446xx\project\EWARM\project\Obj\stm32f4xx_hal_flash_ramfunc.o
#        C:\STm32_proj\STm32f446xx\project\EWARM\project\Obj\stm32f4xx_hal_gpio.o
#        C:\STm32_proj\STm32f446xx\project\EWARM\project\Obj\stm32f4xx_hal_i2c.o
#        C:\STm32_proj\STm32f446xx\project\EWARM\project\Obj\stm32f4xx_hal_i2c_ex.o
#        C:\STm32_proj\STm32f446xx\project\EWARM\project\Obj\stm32f4xx_hal_msp.o
#        C:\STm32_proj\STm32f446xx\project\EWARM\project\Obj\stm32f4xx_hal_pwr.o
#        C:\STm32_proj\STm32f446xx\project\EWARM\project\Obj\stm32f4xx_hal_pwr_ex.o
#        C:\STm32_proj\STm32f446xx\project\EWARM\project\Obj\stm32f4xx_hal_rcc.o
#        C:\STm32_proj\STm32f446xx\project\EWARM\project\Obj\stm32f4xx_hal_rcc_ex.o
#        C:\STm32_proj\STm32f446xx\project\EWARM\project\Obj\stm32f4xx_hal_tim.o
#        C:\STm32_proj\STm32f446xx\project\EWARM\project\Obj\stm32f4xx_hal_tim_ex.o
#        C:\STm32_proj\STm32f446xx\project\EWARM\project\Obj\stm32f4xx_hal_uart.o
#        C:\STm32_proj\STm32f446xx\project\EWARM\project\Obj\stm32f4xx_it.o
#        C:\STm32_proj\STm32f446xx\project\EWARM\project\Obj\system_stm32f4xx.o
#        --redirect _Printf=_PrintfFull --redirect _Scanf=_ScanfFull -o
#        C:\STm32_proj\STm32f446xx\project\EWARM\project\Exe\project.out --map
#        C:\STm32_proj\STm32f446xx\project\EWARM\project\List\project.map
#        --config C:\STm32_proj\STm32f446xx\project\EWARM/stm32f446xx_flash.icf
#        --semihosting --entry __iar_program_start --vfe --text_out locale)
#
###############################################################################

*******************************************************************************
*** RUNTIME MODEL ATTRIBUTES
***

CppFlavor       = *
__SystemLibrary = DLib
__dlib_version  = 6


*******************************************************************************
*** HEAP SELECTION
***

The basic heap was selected because some modules are built with
size limitations (and not runtime checking), and --advanced_heap
was not specified.


*******************************************************************************
*** PLACEMENT SUMMARY
***

"A0":  place at 0x08000000 { ro section .intvec };
"P1":  place in [from 0x08000000 to 0x0807ffff] { ro };
define block CSTACK with size = 1K, alignment = 8 { };
define block HEAP with size = 512, alignment = 8 { };
"P2":  place in [from 0x20000000 to 0x2001ffff] {
          rw, block CSTACK, block HEAP };
initialize by copy { rw };

  Section            Kind        Address    Size  Object
  -------            ----        -------    ----  ------
"A0":                                      0x1c4
  .intvec            ro code  0x08000000   0x1c4  startup_stm32f446xx.o [1]
                            - 0x080001c4   0x1c4

"P1":                                     0x45e7
  .text              ro code  0x080001c4   0xf72  xprintffull.o [3]
  .text              ro code  0x08001136    0x1e  xencoding_8859_1.o [3]
  .text              ro code  0x08001154    0x74  xlocale_c.o [3]
  .text              ro code  0x080011c8    0x16  strchr.o [5]
  .text              ro code  0x080011e0    0x44  xfail_s.o [3]
  .text              ro code  0x08001224    0x36  strlen.o [5]
  .text              ro code  0x0800125c    0x58  memchr.o [5]
  .text              ro code  0x080012b4     0xa  xmbcurmax.o [3]
  .text              ro code  0x080012c0    0xa6  ABImemcpy.o [5]
  .text              ro code  0x08001368    0xee  I64DivMod.o [5]
  .text              ro code  0x08001458   0x1a2  DblMul.o [4]
  .text              ro code  0x080015fc    0x70  frexp.o [4]
  .text              ro code  0x0800166c    0x2e  DblCmpLe.o [4]
  .text              ro code  0x0800169c    0x2e  DblCmpGe.o [4]
  .text              ro code  0x080016cc   0x13a  ldexp.o [4]
  .text              ro code  0x08001808    0x3a  DblToS32.o [4]
  .text              ro code  0x08001844    0x22  S32ToDbl.o [4]
  .text              ro code  0x08001868    0xe2  DblSub.o [4]
  .text              ro code  0x0800194c   0x246  DblDiv.o [4]
  .text              ro code  0x08001b94    0x28  DblToU32.o [4]
  .text              ro code  0x08001bbc    0x1a  U32ToDbl.o [4]
  .text              ro code  0x08001bd6     0x6  abort.o [3]
  .text              ro code  0x08001bdc     0x2  I64DivZer.o [5]
  .text              ro code  0x08001be0   0x178  DblAdd.o [4]
  .text              ro code  0x08001d58    0x14  exit.o [6]
  .text              ro code  0x08001d6c    0x2c  iarttio.o [6]
  .text              ro code  0x08001d98     0x8  XShttio.o [3]
  .text              ro code  0x08001da0   0xa58  stm32f4xx_hal_i2c.o [1]
  .text              ro code  0x080027f8   0x138  stm32f4xx_hal_msp.o [1]
  .text              ro code  0x08002930   0x1f0  stm32f4xx_hal_rcc.o [1]
  .text              ro code  0x08002b20     0xc  stm32f4xx_hal.o [1]
  .text              ro code  0x08002b2c   0x16e  stm32f4xx_hal_cortex.o [1]
  .text              ro code  0x08002c9c   0x25c  stm32f4xx_hal_gpio.o [1]
  .text              ro code  0x08002ef8   0x55c  stm32f4xx_hal_rcc_ex.o [1]
  .text              ro code  0x08003454    0x28  stm32f4xx_hal.o [1]
  .text              ro code  0x0800347c   0x4cc  stm32f4xx_hal_uart.o [1]
  .text              ro code  0x08003948   0x3f2  main.o [1]
  .text              ro code  0x08003d3c    0x40  stm32f4xx_hal.o [1]
  .text              ro code  0x08003d7c    0x28  printf.o [3]
  .text              ro code  0x08003da4   0x244  mpu9250.o [1]
  .text              ro code  0x08003fe8    0x1e  stm32f4xx_hal.o [1]
  .text              ro code  0x08004008    0x48  FltToDbl.o [4]
  .text              ro code  0x08004050   0x194  mpu9250_drv.o [1]
  .text              ro code  0x080041e4    0x68  DblToFlt.o [4]
  .text              ro code  0x0800424c    0x6c  system_stm32f4xx.o [1]
  .text              ro code  0x080042b8    0x40  zero_init3.o [5]
  .text              ro code  0x080042f8    0x38  packbits_init_single.o [5]
  .rodata            const    0x08004330    0x30  main.o [1]
  .rodata            const    0x08004360    0x30  main.o [1]
  .rodata            const    0x08004390    0x30  main.o [1]
  .rodata            const    0x080043c0    0x30  main.o [1]
  .text              ro code  0x080043f0    0x28  data_init.o [5]
  .text              ro code  0x08004418    0x22  fpinit_M.o [4]
  .iar.init_table    const    0x0800443c    0x20  - Linker created -
  .text              ro code  0x0800445c    0x1e  stm32f4xx_it.o [1]
  .text              ro code  0x0800447c    0x10  stm32f4xx_hal.o [1]
  .rodata            const    0x0800448c    0x1c  main.o [1]
  .text              ro code  0x080044a8    0x1a  cmain.o [5]
  .text              ro code  0x080044c2     0x4  low_level_init.o [3]
  .text              ro code  0x080044c6     0x4  exit.o [3]
  .text              ro code  0x080044cc     0xa  cexit.o [5]
  .text              ro code  0x080044d6    0x16  xprout.o [3]
  .text              ro code  0x080044ec     0xc  putchar.o [3]
  .rodata            const    0x080044f8    0x14  main.o [1]
  .rodata            const    0x0800450c    0x14  main.o [1]
  .rodata            const    0x08004520    0x14  main.o [1]
  .rodata            const    0x08004534    0x14  main.o [1]
  .rodata            const    0x08004548    0x14  main.o [1]
  .rodata            const    0x0800455c    0x10  main.o [1]
  .rodata            const    0x0800456c    0x10  main.o [1]
  .rodata            const    0x0800457c    0x10  system_stm32f4xx.o [1]
  .text              ro code  0x0800458c    0x10  startup_stm32f446xx.o [1]
  .rodata            const    0x0800459c     0xc  main.o [1]
  .rodata            const    0x080045a8     0xc  main.o [1]
  .rodata            const    0x080045b4     0xc  main.o [1]
  .text              ro code  0x080045c0     0xc  cstartup_M.o [5]
  .rodata            const    0x080045cc     0x8  system_stm32f4xx.o [1]
  .rodata            const    0x080045d4     0x6  xlocale_c.o [3]
  .text              ro code  0x080045da     0x4  startup_stm32f446xx.o [1]
  .text              ro code  0x080045de     0x4  startup_stm32f446xx.o [1]
  .text              ro code  0x080045e2     0x4  startup_stm32f446xx.o [1]
  .text              ro code  0x080045e6     0x4  startup_stm32f446xx.o [1]
  .text              ro code  0x080045ea     0x4  startup_stm32f446xx.o [1]
  .text              ro code  0x080045ee     0x4  startup_stm32f446xx.o [1]
  .text              ro code  0x080045f2     0x4  startup_stm32f446xx.o [1]
  .text              ro code  0x080045f6     0x4  startup_stm32f446xx.o [1]
  .text              ro code  0x080045fa     0x4  startup_stm32f446xx.o [1]
  .text              ro code  0x080045fe     0x4  startup_stm32f446xx.o [1]
  .text              ro code  0x08004602     0x4  startup_stm32f446xx.o [1]
  .text              ro code  0x08004606     0x4  startup_stm32f446xx.o [1]
  .text              ro code  0x0800460a     0x4  startup_stm32f446xx.o [1]
  .text              ro code  0x0800460e     0x4  startup_stm32f446xx.o [1]
  .text              ro code  0x08004612     0x4  startup_stm32f446xx.o [1]
  .text              ro code  0x08004616     0x4  startup_stm32f446xx.o [1]
  .text              ro code  0x0800461a     0x4  startup_stm32f446xx.o [1]
  .text              ro code  0x0800461e     0x4  startup_stm32f446xx.o [1]
  .text              ro code  0x08004622     0x4  startup_stm32f446xx.o [1]
  .text              ro code  0x08004626     0x4  startup_stm32f446xx.o [1]
  .text              ro code  0x0800462a     0x4  startup_stm32f446xx.o [1]
  .text              ro code  0x0800462e     0x4  startup_stm32f446xx.o [1]
  .text              ro code  0x08004632     0x4  startup_stm32f446xx.o [1]
  .text              ro code  0x08004636     0x4  startup_stm32f446xx.o [1]
  .text              ro code  0x0800463a     0x4  startup_stm32f446xx.o [1]
  .text              ro code  0x0800463e     0x4  startup_stm32f446xx.o [1]
  .text              ro code  0x08004642     0x4  startup_stm32f446xx.o [1]
  .text              ro code  0x08004646     0x4  startup_stm32f446xx.o [1]
  .text              ro code  0x0800464a     0x4  startup_stm32f446xx.o [1]
  .text              ro code  0x0800464e     0x4  startup_stm32f446xx.o [1]
  .text              ro code  0x08004652     0x4  startup_stm32f446xx.o [1]
  .text              ro code  0x08004656     0x4  startup_stm32f446xx.o [1]
  .text              ro code  0x0800465a     0x4  startup_stm32f446xx.o [1]
  .text              ro code  0x0800465e     0x4  startup_stm32f446xx.o [1]
  .text              ro code  0x08004662     0x4  startup_stm32f446xx.o [1]
  .text              ro code  0x08004666     0x4  startup_stm32f446xx.o [1]
  .text              ro code  0x0800466a     0x4  startup_stm32f446xx.o [1]
  .text              ro code  0x0800466e     0x4  startup_stm32f446xx.o [1]
  .text              ro code  0x08004672     0x4  startup_stm32f446xx.o [1]
  .text              ro code  0x08004676     0x4  startup_stm32f446xx.o [1]
  .text              ro code  0x0800467a     0x4  startup_stm32f446xx.o [1]
  .text              ro code  0x0800467e     0x4  startup_stm32f446xx.o [1]
  .text              ro code  0x08004682     0x4  startup_stm32f446xx.o [1]
  .text              ro code  0x08004686     0x4  startup_stm32f446xx.o [1]
  .text              ro code  0x0800468a     0x4  startup_stm32f446xx.o [1]
  .text              ro code  0x0800468e     0x4  startup_stm32f446xx.o [1]
  .text              ro code  0x08004692     0x4  startup_stm32f446xx.o [1]
  .text              ro code  0x08004696     0x4  startup_stm32f446xx.o [1]
  .text              ro code  0x0800469a     0x4  startup_stm32f446xx.o [1]
  .text              ro code  0x0800469e     0x4  startup_stm32f446xx.o [1]
  .text              ro code  0x080046a2     0x4  startup_stm32f446xx.o [1]
  .text              ro code  0x080046a6     0x4  startup_stm32f446xx.o [1]
  .text              ro code  0x080046aa     0x4  startup_stm32f446xx.o [1]
  .text              ro code  0x080046ae     0x4  startup_stm32f446xx.o [1]
  .text              ro code  0x080046b2     0x4  startup_stm32f446xx.o [1]
  .text              ro code  0x080046b6     0x4  startup_stm32f446xx.o [1]
  .text              ro code  0x080046ba     0x4  startup_stm32f446xx.o [1]
  .text              ro code  0x080046be     0x4  startup_stm32f446xx.o [1]
  .text              ro code  0x080046c2     0x4  startup_stm32f446xx.o [1]
  .text              ro code  0x080046c6     0x4  startup_stm32f446xx.o [1]
  .text              ro code  0x080046ca     0x4  startup_stm32f446xx.o [1]
  .text              ro code  0x080046ce     0x4  startup_stm32f446xx.o [1]
  .text              ro code  0x080046d2     0x4  startup_stm32f446xx.o [1]
  .text              ro code  0x080046d6     0x4  startup_stm32f446xx.o [1]
  .text              ro code  0x080046da     0x4  startup_stm32f446xx.o [1]
  .text              ro code  0x080046de     0x4  startup_stm32f446xx.o [1]
  .text              ro code  0x080046e2     0x4  startup_stm32f446xx.o [1]
  .text              ro code  0x080046e6     0x4  startup_stm32f446xx.o [1]
  .text              ro code  0x080046ea     0x4  startup_stm32f446xx.o [1]
  .text              ro code  0x080046ee     0x4  startup_stm32f446xx.o [1]
  .text              ro code  0x080046f2     0x4  startup_stm32f446xx.o [1]
  .text              ro code  0x080046f6     0x4  startup_stm32f446xx.o [1]
  .text              ro code  0x080046fa     0x4  startup_stm32f446xx.o [1]
  .text              ro code  0x080046fe     0x4  startup_stm32f446xx.o [1]
  .text              ro code  0x08004702     0x4  startup_stm32f446xx.o [1]
  .text              ro code  0x08004706     0x4  startup_stm32f446xx.o [1]
  .text              ro code  0x0800470a     0x4  startup_stm32f446xx.o [1]
  .text              ro code  0x0800470e     0x4  startup_stm32f446xx.o [1]
  .text              ro code  0x08004712     0x4  startup_stm32f446xx.o [1]
  .text              ro code  0x08004716     0x4  startup_stm32f446xx.o [1]
  .text              ro code  0x0800471a     0x4  startup_stm32f446xx.o [1]
  .text              ro code  0x0800471e     0x4  startup_stm32f446xx.o [1]
  .text              ro code  0x08004722     0x4  startup_stm32f446xx.o [1]
  .text              ro code  0x08004726     0x4  startup_stm32f446xx.o [1]
  .text              ro code  0x0800472a     0x4  startup_stm32f446xx.o [1]
  .rodata            const    0x0800472e     0x0  zero_init3.o [5]
  .rodata            const    0x0800472e     0x0  packbits_init_single.o [5]
  Initializer bytes  const    0x0800472e    0x7d  <for P2-1>
                            - 0x080047ab  0x45e7

"P2", part 1 of 3:                          0xd4
  P2-1                        0x20000000    0xd4  <Init block>
    .data            inited   0x20000000     0x4  system_stm32f4xx.o [1]
    .data            inited   0x20000004    0x48  xfiles.o [3]
    .data            inited   0x2000004c    0x38  xlocale_c.o [3]
    .data            inited   0x20000084    0x48  xlocale_c.o [3]
    .data            inited   0x200000cc     0x8  XShttio.o [3]
                            - 0x200000d4    0xd4

"P2", part 2 of 3:                         0x10c
  .bss               zero     0x200000d4    0x54  main.o [1]
  .bss               zero     0x20000128    0x50  xfiles.o [3]
  .bss               zero     0x20000178    0x40  main.o [1]
  .bss               zero     0x200001b8     0xc  main.o [1]
  .bss               zero     0x200001c4     0xc  main.o [1]
  .bss               zero     0x200001d0     0x8  mpu9250_drv.o [1]
  .bss               zero     0x200001d8     0x4  stm32f4xx_hal.o [1]
  .bss               zero     0x200001dc     0x4  xfail_s.o [3]
                            - 0x200001e0   0x10c

"P2", part 3 of 3:                         0x400
  CSTACK                      0x200001e0   0x400  <Block>
    CSTACK           uninit   0x200001e0   0x400  <Block tail>
                            - 0x200005e0   0x400


*******************************************************************************
*** INIT TABLE
***

          Address     Size
          -------     ----
Zero (__iar_zero_init3)
    1 destination range, total size 0x10c:
          0x200000d4  0x10c

Copy/packbits (__iar_packbits_init_single3)
    1 source range, total size 0x7d (58% of destination):
          0x0800472e   0x7d
    1 destination range, total size 0xd4:
          0x20000000   0xd4



*******************************************************************************
*** MODULE SUMMARY
***

    Module                  ro code  ro data  rw data
    ------                  -------  -------  -------
C:\STm32_proj\STm32f446xx\project\EWARM\project\Obj: [1]
    main.o                    1 010      388      172
    mpu9250.o                   580
    mpu9250_drv.o               404                 8
    startup_stm32f446xx.o       808
    stm32f4xx_hal.o             162                 4
    stm32f4xx_hal_cortex.o      366
    stm32f4xx_hal_gpio.o        604
    stm32f4xx_hal_i2c.o       2 648
    stm32f4xx_hal_msp.o         312
    stm32f4xx_hal_rcc.o         496
    stm32f4xx_hal_rcc_ex.o    1 372
    stm32f4xx_hal_uart.o      1 228
    stm32f4xx_it.o               30
    system_stm32f4xx.o          108       26        4
    -------------------------------------------------
    Total:                   10 128      414      188

command line: [2]
    -------------------------------------------------
    Total:

dl7M_tlf.a: [3]
    XShttio.o                     8        5        8
    abort.o                       6
    exit.o                        4
    low_level_init.o              4
    printf.o                     40
    putchar.o                    12
    xencoding_8859_1.o           30
    xfail_s.o                    68                 4
    xfiles.o                              42      152
    xlocale_c.o                 116       82      128
    xmbcurmax.o                  10
    xprintffull.o             3 954
    xprout.o                     22
    -------------------------------------------------
    Total:                    4 274      129      292

m7M_tls.a: [4]
    DblAdd.o                    376
    DblCmpGe.o                   46
    DblCmpLe.o                   46
    DblDiv.o                    582
    DblMul.o                    418
    DblSub.o                    226
    DblToFlt.o                  104
    DblToS32.o                   58
    DblToU32.o                   40
    FltToDbl.o                   72
    S32ToDbl.o                   34
    U32ToDbl.o                   26
    fpinit_M.o                   34
    frexp.o                     112
    ldexp.o                     314
    -------------------------------------------------
    Total:                    2 488

rt7M_tl.a: [5]
    ABImemcpy.o                 166
    I64DivMod.o                 238
    I64DivZer.o                   2
    cexit.o                      10
    cmain.o                      26
    cstartup_M.o                 12
    data_init.o                  40
    memchr.o                     88
    packbits_init_single.o       56
    strchr.o                     22
    strlen.o                     54
    zero_init3.o                 64
    -------------------------------------------------
    Total:                      778

shb_l.a: [6]
    exit.o                       20
    iarttio.o                    44
    -------------------------------------------------
    Total:                       64

    Gaps                         38        2
    Linker created                        32    1 024
-----------------------------------------------------
    Grand Total:             17 770      577    1 504


*******************************************************************************
*** ENTRY LIST
***

Entry                      Address   Size  Type      Object
-----                      -------   ----  ----      ------
.iar.init_table$$Base   0x0800443c          --   Gb  - Linker created -
.iar.init_table$$Limit  0x0800445c          --   Gb  - Linker created -
?main                   0x080044a9         Code  Gb  cmain.o [5]
AHBPrescTable           0x0800457c   0x10  Data  Gb  system_stm32f4xx.o [1]
APBPrescTable           0x080045cc    0x8  Data  Gb  system_stm32f4xx.o [1]
BusFault_Handler        0x08004463    0x2  Code  Gb  stm32f4xx_it.o [1]
CSTACK$$Base            0x200001e0          --   Gb  - Linker created -
CSTACK$$Limit           0x200005e0          --   Gb  - Linker created -
CacheMore               0x08001159   0x24  Code  Lc  xlocale_c.o [3]
DebugMon_Handler        0x08004469    0x2  Code  Gb  stm32f4xx_it.o [1]
HAL_Delay               0x08003fe9   0x1e  Code  Wk  stm32f4xx_hal.o [1]
HAL_GPIO_Init           0x08002c9d  0x212  Code  Gb  stm32f4xx_hal_gpio.o [1]
HAL_GPIO_WritePin       0x08002eaf   0x14  Code  Gb  stm32f4xx_hal_gpio.o [1]
HAL_GetTick             0x08002b21    0xc  Code  Wk  stm32f4xx_hal.o [1]
HAL_I2C_Init            0x08001da1  0x126  Code  Gb  stm32f4xx_hal_i2c.o [1]
HAL_I2C_Master_Receive  0x08002051  0x318  Code  Gb  stm32f4xx_hal_i2c.o [1]
HAL_I2C_Master_Transmit
                        0x08001ec7  0x18a  Code  Gb  stm32f4xx_hal_i2c.o [1]
HAL_I2C_MspInit         0x08002867   0x6a  Code  Gb  stm32f4xx_hal_msp.o [1]
HAL_IncTick             0x0800447d   0x10  Code  Wk  stm32f4xx_hal.o [1]
HAL_Init                0x08003d3d   0x3a  Code  Gb  stm32f4xx_hal.o [1]
HAL_InitTick            0x08003455   0x28  Code  Wk  stm32f4xx_hal.o [1]
HAL_MspInit             0x080027f9   0x6e  Code  Gb  stm32f4xx_hal_msp.o [1]
HAL_NVIC_EnableIRQ      0x08002c37    0xe  Code  Gb  stm32f4xx_hal_cortex.o [1]
HAL_NVIC_SetPriority    0x08002c0d   0x2a  Code  Gb  stm32f4xx_hal_cortex.o [1]
HAL_NVIC_SetPriorityGrouping
                        0x08002c01    0xc  Code  Gb  stm32f4xx_hal_cortex.o [1]
HAL_RCC_ClockConfig     0x08002931  0x190  Code  Gb  stm32f4xx_hal_rcc.o [1]
HAL_RCC_GetHCLKFreq     0x08002ac1    0x6  Code  Gb  stm32f4xx_hal_rcc.o [1]
HAL_RCC_GetPCLK1Freq    0x08002ac7   0x20  Code  Gb  stm32f4xx_hal_rcc.o [1]
HAL_RCC_GetPCLK2Freq    0x08002ae7   0x20  Code  Gb  stm32f4xx_hal_rcc.o [1]
HAL_RCC_GetSysClockFreq
                        0x08002ef9  0x12c  Code  Gb  stm32f4xx_hal_rcc_ex.o [1]
HAL_RCC_OscConfig       0x08003031  0x3ee  Code  Gb  stm32f4xx_hal_rcc_ex.o [1]
HAL_SYSTICK_CLKSourceConfig
                        0x08002c51   0x20  Code  Gb  stm32f4xx_hal_cortex.o [1]
HAL_SYSTICK_Config      0x08002c45    0xc  Code  Gb  stm32f4xx_hal_cortex.o [1]
HAL_SYSTICK_IRQHandler  0x08002c91    0x8  Code  Gb  stm32f4xx_hal_cortex.o [1]
HAL_UART_Init           0x0800347d   0x76  Code  Gb  stm32f4xx_hal_uart.o [1]
HAL_UART_MspInit        0x080028d1   0x4a  Code  Gb  stm32f4xx_hal_msp.o [1]
HAL_UART_Transmit       0x080034f3   0xe0  Code  Gb  stm32f4xx_hal_uart.o [1]
HardFault_Handler       0x0800445f    0x2  Code  Gb  stm32f4xx_it.o [1]
I2C_IsAcknowledgeFailed
                        0x080027cb   0x2e  Code  Lc  stm32f4xx_hal_i2c.o [1]
I2C_MasterRequestRead   0x0800244d  0x140  Code  Lc  stm32f4xx_hal_i2c.o [1]
I2C_MasterRequestWrite  0x0800237d   0xd0  Code  Lc  stm32f4xx_hal_i2c.o [1]
I2C_WaitOnBTFFlagUntilTimeout
                        0x08002717   0x52  Code  Lc  stm32f4xx_hal_i2c.o [1]
I2C_WaitOnFlagUntilTimeout
                        0x08002599   0x8a  Code  Lc  stm32f4xx_hal_i2c.o [1]
I2C_WaitOnMasterAddressFlagUntilTimeout
                        0x08002623   0xa2  Code  Lc  stm32f4xx_hal_i2c.o [1]
I2C_WaitOnRXNEFlagUntilTimeout
                        0x08002769   0x62  Code  Lc  stm32f4xx_hal_i2c.o [1]
I2C_WaitOnTXEFlagUntilTimeout
                        0x080026c5   0x52  Code  Lc  stm32f4xx_hal_i2c.o [1]
LoadInt                 0x08000393   0x7a  Code  Lc  xprintffull.o [3]
MPU9250_Accelerometer   0x08003e45   0x92  Code  Gb  mpu9250.o [1]
MPU9250_Config          0x08003ded   0x58  Code  Gb  mpu9250.o [1]
MPU9250_Connect         0x08003dcf   0x1e  Code  Gb  mpu9250.o [1]
MPU9250_Gyroscope       0x08003ed7   0xbc  Code  Gb  mpu9250.o [1]
MPU9250_InitSensor      0x08003da5   0x2a  Code  Gb  mpu9250.o [1]
MPU9250_Temperature     0x08003f93   0x42  Code  Gb  mpu9250.o [1]
MPU_ReadAccelerometer   0x0800407f   0x2e  Code  Gb  mpu9250_drv.o [1]
MPU_ReadGyroscope       0x080040ad   0x2e  Code  Gb  mpu9250_drv.o [1]
MPU_ReadTemperature     0x080040db   0x2e  Code  Gb  mpu9250_drv.o [1]
MPU_WhoAmI              0x08004051   0x2e  Code  Gb  mpu9250_drv.o [1]
MPU_WriteAcceConfiguration
                        0x08004191   0x22  Code  Gb  mpu9250_drv.o [1]
MPU_WriteAcceConfiguration2
                        0x080041b3   0x24  Code  Gb  mpu9250_drv.o [1]
MPU_WriteConfiguration  0x0800412b   0x22  Code  Gb  mpu9250_drv.o [1]
MPU_WriteGyroConfiguration
                        0x0800416f   0x22  Code  Gb  mpu9250_drv.o [1]
MPU_WritePowerManagement1
                        0x08004109   0x22  Code  Gb  mpu9250_drv.o [1]
MPU_WriteSampleRateDivider
                        0x0800414d   0x22  Code  Gb  mpu9250_drv.o [1]
MX_GPIO_Init            0x08003c51   0x7e  Code  Lc  main.o [1]
MX_I2C3_Init            0x08003bb9   0x4e  Code  Lc  main.o [1]
MX_USART2_UART_Init     0x08003c07   0x4a  Code  Lc  main.o [1]
MemManage_Handler       0x08004461    0x2  Code  Gb  stm32f4xx_it.o [1]
NMI_Handler             0x0800445d    0x2  Code  Gb  stm32f4xx_it.o [1]
NVIC_EnableIRQ          0x08002b53   0x16  Code  Lc  stm32f4xx_hal_cortex.o [1]
NVIC_EncodePriority     0x08002b8f   0x42  Code  Lc  stm32f4xx_hal_cortex.o [1]
NVIC_GetPriorityGrouping
                        0x08002b49    0xa  Code  Lc  stm32f4xx_hal_cortex.o [1]
NVIC_SetPriority        0x08002b69   0x26  Code  Lc  stm32f4xx_hal_cortex.o [1]
NVIC_SetPriorityGrouping
                        0x08002b2d   0x1c  Code  Lc  stm32f4xx_hal_cortex.o [1]
PendSV_Handler          0x0800446b    0x2  Code  Gb  stm32f4xx_it.o [1]
RCC_IRQHandler          0x08004479    0x2  Code  Gb  stm32f4xx_it.o [1]
Region$$Table$$Base     0x0800443c          --   Gb  - Linker created -
Region$$Table$$Limit    0x0800445c          --   Gb  - Linker created -
SVC_Handler             0x08004467    0x2  Code  Gb  stm32f4xx_it.o [1]
SysTick_Config          0x08002bd1   0x30  Code  Lc  stm32f4xx_hal_cortex.o [1]
SysTick_Handler         0x0800446d    0xc  Code  Gb  stm32f4xx_it.o [1]
SystemClock_Config      0x08003aef   0xca  Code  Gb  main.o [1]
SystemCoreClock         0x20000000    0x4  Data  Gb  system_stm32f4xx.o [1]
SystemInit              0x0800424d   0x4c  Code  Gb  system_stm32f4xx.o [1]
UART_SetConfig          0x08003641  0x2fc  Code  Lc  stm32f4xx_hal_uart.o [1]
UART_WaitOnFlagUntilTimeout
                        0x080035d3   0x6e  Code  Lc  stm32f4xx_hal_uart.o [1]
UsageFault_Handler      0x08004465    0x2  Code  Gb  stm32f4xx_it.o [1]
_Encoding_8859_1_Mbrlen
                        0x08001149    0x2  Code  Gb  xencoding_8859_1.o [3]
_Encoding_8859_1_Wctomb
                        0x08001137   0x12  Code  Gb  xencoding_8859_1.o [3]
_Error_Handler          0x08003d39    0x2  Code  Gb  main.o [1]
_GenldFull              0x08000e07  0x27e  Code  Lc  xprintffull.o [3]
_LdtobFull              0x080009ed  0x3f0  Code  Lc  xprintffull.o [3]
_LitobFull              0x08000891  0x116  Code  Lc  xprintffull.o [3]
_Locale_lconv           0x2000004c   0x38  Data  Lc  xlocale_c.o [3]
_PrintfFull             0x080001c5  0x1b6  Code  Gb  xprintffull.o [3]
_Prout                  0x080044d7   0x16  Code  Gb  xprout.o [3]
_PutcharsFull           0x08001085   0x2e  Code  Lc  xprintffull.o [3]
_PutfldFull             0x0800040d  0x2d0  Code  Lc  xprintffull.o [3]
_PutstrFull             0x080007d3   0xbe  Code  Lc  xprintffull.o [3]
_PuttxtFull             0x080006dd   0xf6  Code  Lc  xprintffull.o [3]
__aeabi_cdcmple         0x0800166d         Code  Gb  DblCmpLe.o [4]
__aeabi_cdrcmple        0x0800169d         Code  Gb  DblCmpGe.o [4]
__aeabi_d2f             0x080041e5         Code  Gb  DblToFlt.o [4]
__aeabi_d2iz            0x08001809         Code  Gb  DblToS32.o [4]
__aeabi_d2uiz           0x08001b95         Code  Gb  DblToU32.o [4]
__aeabi_dadd            0x08001be1         Code  Gb  DblAdd.o [4]
__aeabi_ddiv            0x0800194d         Code  Gb  DblDiv.o [4]
__aeabi_dmul            0x08001459         Code  Gb  DblMul.o [4]
__aeabi_dsub            0x08001869         Code  Gb  DblSub.o [4]
__aeabi_f2d             0x08004009         Code  Gb  FltToDbl.o [4]
__aeabi_i2d             0x08001845         Code  Gb  S32ToDbl.o [4]
__aeabi_ldiv0           0x08001bdd         Code  Gb  I64DivZer.o [5]
__aeabi_memcpy          0x080012c1         Code  Gb  ABImemcpy.o [5]
__aeabi_memcpy4         0x080012e1         Code  Gb  ABImemcpy.o [5]
__aeabi_memcpy8         0x080012e1         Code  Gb  ABImemcpy.o [5]
__aeabi_ui2d            0x08001bbd         Code  Gb  U32ToDbl.o [4]
__aeabi_uldivmod        0x08001369         Code  Gb  I64DivMod.o [5]
__cmain                 0x080044a9         Code  Gb  cmain.o [5]
__exit                  0x08001d59   0x14  Code  Gb  exit.o [6]
__iar_Fail_s            0x080011e1   0x1e  Code  Gb  xfail_s.o [3]
__iar_Mbcurmax          0x080012b5    0xa  Code  Gb  xmbcurmax.o [3]
__iar_Memchr            0x0800125d         Code  Gb  memchr.o [5]
__iar_Stdout            0x20000004   0x48  Data  Gb  xfiles.o [3]
__iar_Strchr            0x080011c9         Code  Gb  strchr.o [5]
__iar_close_ttio        0x08001d6d   0x2c  Code  Gb  iarttio.o [6]
__iar_dadd              0x08001879         Code  Gb  DblSub.o [4]
__iar_data_init3        0x080043f1   0x28  Code  Gb  data_init.o [5]
__iar_dsub              0x08001bf1         Code  Gb  DblAdd.o [4]
__iar_dsubStart         0x08001c03         Code  Gb  DblAdd.o [4]
__iar_frexp             0x08001609         Code  Gb  frexp.o [4]
__iar_frexpl            0x08001609         Code  Gb  frexp.o [4]
__iar_globLocale        0x20000084   0x48  Data  Lc  xlocale_c.o [3]
__iar_global_Locale     0x08001155    0x4  Code  Gb  xlocale_c.o [3]
__iar_init_vfp          0x08004419         Code  Gb  fpinit_M.o [4]
__iar_ldexp64           0x080016cd         Code  Gb  ldexp.o [4]
__iar_lookup_ttioh      0x08001d99    0x8  Code  Gb  XShttio.o [3]
__iar_packbits_init_single3
                        0x080042f9   0x38  Code  Gb  packbits_init_single.o [5]
__iar_program_start     0x080045c1         Code  Gb  cstartup_M.o [5]
__iar_scalbln64         0x080016cd         Code  Gb  ldexp.o [4]
__iar_scalbn64          0x080016cd         Code  Gb  ldexp.o [4]
__iar_softfp___iar_frexp64
                        0x080015fd         Code  Gb  frexp.o [4]
__iar_softfp_frexp      0x080015fd         Code  Gb  frexp.o [4]
__iar_softfp_frexpl     0x080015fd         Code  Gb  frexp.o [4]
__iar_systems$$module {Abs}
                        0x00000001         Data  Gb  command line/config [2]
__iar_ttio_handles      0x200000cc    0x8  Data  Lc  XShttio.o [3]
__iar_zero_init3        0x080042b9   0x40  Code  Gb  zero_init3.o [5]
__low_level_init        0x080044c3    0x4  Code  Gb  low_level_init.o [3]
__vector_table          0x08000000         Data  Gb  startup_stm32f446xx.o [1]
_call_main              0x080044b5         Code  Gb  cmain.o [5]
_exit                   0x080044cd         Code  Gb  cexit.o [5]
_gLocale_mblen          0x080011b5    0x4  Code  Gb  xlocale_c.o [3]
_gLocale_mblenInt       0x0800117d   0x34  Code  Gb  xlocale_c.o [3]
_gLocale_wctomb         0x080011b9    0x4  Code  Gb  xlocale_c.o [3]
_gLocale_wctombInt      0x080011b1    0x4  Code  Gb  xlocale_c.o [3]
_main                   0x080044bf         Code  Gb  cmain.o [5]
abort                   0x08001bd7    0x6  Code  Gb  abort.o [3]
acceleration            0x200001c4    0xc  Data  Gb  main.o [1]
buffer                  0x200001d0    0x8  Data  Lc  mpu9250_drv.o [1]
exit                    0x080044c7    0x4  Code  Gb  exit.o [3]
fputc                   0x08003949   0x1a  Code  Gb  main.o [1]
gyroscope               0x200001b8    0xc  Data  Gb  main.o [1]
hi2c3                   0x200000d4   0x54  Data  Gb  main.o [1]
huart2                  0x20000178   0x40  Data  Gb  main.o [1]
ldexp                   0x080016cd         Code  Gb  ldexp.o [4]
ldexpl                  0x080016cd         Code  Gb  ldexp.o [4]
localeconv              0x080011bd    0x4  Code  Gb  xlocale_c.o [3]
main                    0x08003963  0x18c  Code  Gb  main.o [1]
memchr                  0x0800125d         Code  Gb  memchr.o [5]
obuf                    0x20000128   0x50  Data  Lc  xfiles.o [3]
printf                  0x08003d7d   0x28  Code  Gb  printf.o [3]
putchar                 0x080044ed    0xc  Code  Gb  putchar.o [3]
scalbln                 0x080016cd         Code  Gb  ldexp.o [4]
scalblnl                0x080016cd         Code  Gb  ldexp.o [4]
scalbn                  0x080016cd         Code  Gb  ldexp.o [4]
scalbnl                 0x080016cd         Code  Gb  ldexp.o [4]
scale                   0x080009a7   0x46  Code  Lc  xprintffull.o [3]
sec_hand                0x200001dc    0x4  Data  Lc  xfail_s.o [3]
strchr                  0x080011c9         Code  Gb  strchr.o [5]
strlen                  0x08001225         Code  Gb  strlen.o [5]
uwTick                  0x200001d8    0x4  Data  Gb  stm32f4xx_hal.o [1]


[1] = C:\STm32_proj\STm32f446xx\project\EWARM\project\Obj
[2] = command line
[3] = dl7M_tlf.a
[4] = m7M_tls.a
[5] = rt7M_tl.a
[6] = shb_l.a

  17 770 bytes of readonly  code memory
     577 bytes of readonly  data memory
   1 504 bytes of readwrite data memory

Errors: none
Warnings: none
