###############################################################################
#
# IAR ELF Linker V8.11.2.13589/W32 for ARM                17/Nov/2017  23:18:50
# Copyright 2007-2017 IAR Systems AB.
#
#    Output file  =  
#        C:\STm32_proj\STm32f446xx\project\EWARM\project\Exe\project.out
#    Map file     =  
#        C:\STm32_proj\STm32f446xx\project\EWARM\project\List\project.map
#    Command line =  
#        -f C:\Users\Izzy\AppData\Local\Temp\EW663D.tmp
#        (C:\STm32_proj\STm32f446xx\project\EWARM\project\Obj\main.o
#        C:\STm32_proj\STm32f446xx\project\EWARM\project\Obj\mpu9250.o
#        C:\STm32_proj\STm32f446xx\project\EWARM\project\Obj\startup_stm32f446xx.o
#        C:\STm32_proj\STm32f446xx\project\EWARM\project\Obj\stm32f4xx_hal.o
#        C:\STm32_proj\STm32f446xx\project\EWARM\project\Obj\stm32f4xx_hal_cortex.o
#        C:\STm32_proj\STm32f446xx\project\EWARM\project\Obj\stm32f4xx_hal_dma.o
#        C:\STm32_proj\STm32f446xx\project\EWARM\project\Obj\stm32f4xx_hal_dma_ex.o
#        C:\STm32_proj\STm32f446xx\project\EWARM\project\Obj\stm32f4xx_hal_flash.o
#        C:\STm32_proj\STm32f446xx\project\EWARM\project\Obj\stm32f4xx_hal_flash_ex.o
#        C:\STm32_proj\STm32f446xx\project\EWARM\project\Obj\stm32f4xx_hal_flash_ramfunc.o
#        C:\STm32_proj\STm32f446xx\project\EWARM\project\Obj\stm32f4xx_hal_gpio.o
#        C:\STm32_proj\STm32f446xx\project\EWARM\project\Obj\stm32f4xx_hal_i2c.o
#        C:\STm32_proj\STm32f446xx\project\EWARM\project\Obj\stm32f4xx_hal_i2c_ex.o
#        C:\STm32_proj\STm32f446xx\project\EWARM\project\Obj\stm32f4xx_hal_msp.o
#        C:\STm32_proj\STm32f446xx\project\EWARM\project\Obj\stm32f4xx_hal_pwr.o
#        C:\STm32_proj\STm32f446xx\project\EWARM\project\Obj\stm32f4xx_hal_pwr_ex.o
#        C:\STm32_proj\STm32f446xx\project\EWARM\project\Obj\stm32f4xx_hal_rcc.o
#        C:\STm32_proj\STm32f446xx\project\EWARM\project\Obj\stm32f4xx_hal_rcc_ex.o
#        C:\STm32_proj\STm32f446xx\project\EWARM\project\Obj\stm32f4xx_hal_tim.o
#        C:\STm32_proj\STm32f446xx\project\EWARM\project\Obj\stm32f4xx_hal_tim_ex.o
#        C:\STm32_proj\STm32f446xx\project\EWARM\project\Obj\stm32f4xx_hal_uart.o
#        C:\STm32_proj\STm32f446xx\project\EWARM\project\Obj\stm32f4xx_it.o
#        C:\STm32_proj\STm32f446xx\project\EWARM\project\Obj\system_stm32f4xx.o
#        --redirect _Printf=_PrintfFull --redirect _Scanf=_ScanfFull -o
#        C:\STm32_proj\STm32f446xx\project\EWARM\project\Exe\project.out --map
#        C:\STm32_proj\STm32f446xx\project\EWARM\project\List\project.map
#        --config C:\STm32_proj\STm32f446xx\project\EWARM/stm32f446xx_flash.icf
#        --semihosting --entry __iar_program_start --vfe --text_out locale)
#
###############################################################################

*******************************************************************************
*** RUNTIME MODEL ATTRIBUTES
***

CppFlavor       = *
__SystemLibrary = DLib
__dlib_version  = 6


*******************************************************************************
*** HEAP SELECTION
***

The basic heap was selected because some modules are built with
size limitations (and not runtime checking), and --advanced_heap
was not specified.


*******************************************************************************
*** PLACEMENT SUMMARY
***

"A0":  place at 0x08000000 { ro section .intvec };
"P1":  place in [from 0x08000000 to 0x0807ffff] { ro };
define block CSTACK with size = 1K, alignment = 8 { };
define block HEAP with size = 512, alignment = 8 { };
"P2":  place in [from 0x20000000 to 0x2001ffff] {
          rw, block CSTACK, block HEAP };
initialize by copy { rw };

  Section            Kind        Address    Size  Object
  -------            ----        -------    ----  ------
"A0":                                      0x1c4
  .intvec            ro code  0x08000000   0x1c4  startup_stm32f446xx.o [1]
                            - 0x080001c4   0x1c4

"P1":                                     0x36b9
  .text              ro code  0x080001c4   0xf72  xprintffull.o [3]
  .text              ro code  0x08001136    0x1e  xencoding_8859_1.o [3]
  .text              ro code  0x08001154    0x74  xlocale_c.o [3]
  .text              ro code  0x080011c8    0x16  strchr.o [5]
  .text              ro code  0x080011e0    0x44  xfail_s.o [3]
  .text              ro code  0x08001224    0x36  strlen.o [5]
  .text              ro code  0x0800125c    0x58  memchr.o [5]
  .text              ro code  0x080012b4     0xa  xmbcurmax.o [3]
  .text              ro code  0x080012c0    0xa6  ABImemcpy.o [5]
  .text              ro code  0x08001368    0xee  I64DivMod.o [5]
  .text              ro code  0x08001458   0x1a2  DblMul.o [4]
  .text              ro code  0x080015fc    0x70  frexp.o [4]
  .text              ro code  0x0800166c    0x2e  DblCmpLe.o [4]
  .text              ro code  0x0800169c    0x2e  DblCmpGe.o [4]
  .text              ro code  0x080016cc   0x13a  ldexp.o [4]
  .text              ro code  0x08001808    0x3a  DblToS32.o [4]
  .text              ro code  0x08001844    0x22  S32ToDbl.o [4]
  .text              ro code  0x08001868    0xe2  DblSub.o [4]
  .text              ro code  0x0800194c   0x246  DblDiv.o [4]
  .text              ro code  0x08001b94    0x28  DblToU32.o [4]
  .text              ro code  0x08001bbc    0x1a  U32ToDbl.o [4]
  .text              ro code  0x08001bd6     0x6  abort.o [3]
  .text              ro code  0x08001bdc     0x2  I64DivZer.o [5]
  .text              ro code  0x08001be0   0x168  DblAdd.o [4]
  .text              ro code  0x08001d48    0x14  exit.o [6]
  .text              ro code  0x08001d5c   0x7ca  stm32f4xx_hal_i2c.o [1]
  .text              ro code  0x08002528   0x130  stm32f4xx_hal_msp.o [1]
  .text              ro code  0x08002658   0x17c  stm32f4xx_hal_rcc.o [1]
  .text              ro code  0x080027d4     0xc  stm32f4xx_hal.o [1]
  .text              ro code  0x080027e0    0xe6  stm32f4xx_hal_cortex.o [1]
  .text              ro code  0x080028c8   0x1c8  stm32f4xx_hal_gpio.o [1]
  .text              ro code  0x08002a90   0x38c  stm32f4xx_hal_rcc_ex.o [1]
  .text              ro code  0x08002e1c    0x28  stm32f4xx_hal.o [1]
  .text              ro code  0x08002e44   0x30e  stm32f4xx_hal_uart.o [1]
  .text              ro code  0x08003154   0x2f0  main.o [1]
  .text              ro code  0x08003444    0x34  stm32f4xx_hal.o [1]
  .text              ro code  0x08003478    0x1e  stm32f4xx_hal.o [1]
  .text              ro code  0x08003498    0x28  printf.o [3]
  .text              ro code  0x080034c0    0x60  system_stm32f4xx.o [1]
  .text              ro code  0x08003520    0x40  zero_init3.o [5]
  .text              ro code  0x08003560    0x38  packbits_init_single.o [5]
  .text              ro code  0x08003598    0x28  data_init.o [5]
  .text              ro code  0x080035c0    0x22  fpinit_M.o [4]
  .iar.init_table    const    0x080035e4    0x20  - Linker created -
  .text              ro code  0x08003604    0x20  stm32f4xx_it.o [1]
  .text              ro code  0x08003624    0x10  stm32f4xx_hal.o [1]
  .text              ro code  0x08003634    0x1a  cmain.o [5]
  .text              ro code  0x0800364e     0x4  low_level_init.o [3]
  .text              ro code  0x08003652     0x4  exit.o [3]
  .text              ro code  0x08003658     0xa  cexit.o [5]
  .text              ro code  0x08003662    0x16  xprout.o [3]
  .text              ro code  0x08003678     0xc  putchar.o [3]
  .text              ro code  0x08003684    0x10  startup_stm32f446xx.o [1]
  .text              ro code  0x08003694     0xc  cstartup_M.o [5]
  .rodata            const    0x080036a0     0x8  system_stm32f4xx.o [1]
  .rodata            const    0x080036a8     0x6  xlocale_c.o [3]
  .text              ro code  0x080036ae     0x4  startup_stm32f446xx.o [1]
  .text              ro code  0x080036b2     0x4  startup_stm32f446xx.o [1]
  .text              ro code  0x080036b6     0x4  startup_stm32f446xx.o [1]
  .text              ro code  0x080036ba     0x4  startup_stm32f446xx.o [1]
  .text              ro code  0x080036be     0x4  startup_stm32f446xx.o [1]
  .text              ro code  0x080036c2     0x4  startup_stm32f446xx.o [1]
  .text              ro code  0x080036c6     0x4  startup_stm32f446xx.o [1]
  .text              ro code  0x080036ca     0x4  startup_stm32f446xx.o [1]
  .text              ro code  0x080036ce     0x4  startup_stm32f446xx.o [1]
  .text              ro code  0x080036d2     0x4  startup_stm32f446xx.o [1]
  .text              ro code  0x080036d6     0x4  startup_stm32f446xx.o [1]
  .text              ro code  0x080036da     0x4  startup_stm32f446xx.o [1]
  .text              ro code  0x080036de     0x4  startup_stm32f446xx.o [1]
  .text              ro code  0x080036e2     0x4  startup_stm32f446xx.o [1]
  .text              ro code  0x080036e6     0x4  startup_stm32f446xx.o [1]
  .text              ro code  0x080036ea     0x4  startup_stm32f446xx.o [1]
  .text              ro code  0x080036ee     0x4  startup_stm32f446xx.o [1]
  .text              ro code  0x080036f2     0x4  startup_stm32f446xx.o [1]
  .text              ro code  0x080036f6     0x4  startup_stm32f446xx.o [1]
  .text              ro code  0x080036fa     0x4  startup_stm32f446xx.o [1]
  .text              ro code  0x080036fe     0x4  startup_stm32f446xx.o [1]
  .text              ro code  0x08003702     0x4  startup_stm32f446xx.o [1]
  .text              ro code  0x08003706     0x4  startup_stm32f446xx.o [1]
  .text              ro code  0x0800370a     0x4  startup_stm32f446xx.o [1]
  .text              ro code  0x0800370e     0x4  startup_stm32f446xx.o [1]
  .text              ro code  0x08003712     0x4  startup_stm32f446xx.o [1]
  .text              ro code  0x08003716     0x4  startup_stm32f446xx.o [1]
  .text              ro code  0x0800371a     0x4  startup_stm32f446xx.o [1]
  .text              ro code  0x0800371e     0x4  startup_stm32f446xx.o [1]
  .text              ro code  0x08003722     0x4  startup_stm32f446xx.o [1]
  .text              ro code  0x08003726     0x4  startup_stm32f446xx.o [1]
  .text              ro code  0x0800372a     0x4  startup_stm32f446xx.o [1]
  .text              ro code  0x0800372e     0x4  startup_stm32f446xx.o [1]
  .text              ro code  0x08003732     0x4  startup_stm32f446xx.o [1]
  .text              ro code  0x08003736     0x4  startup_stm32f446xx.o [1]
  .text              ro code  0x0800373a     0x4  startup_stm32f446xx.o [1]
  .text              ro code  0x0800373e     0x4  startup_stm32f446xx.o [1]
  .text              ro code  0x08003742     0x4  startup_stm32f446xx.o [1]
  .text              ro code  0x08003746     0x4  startup_stm32f446xx.o [1]
  .text              ro code  0x0800374a     0x4  startup_stm32f446xx.o [1]
  .text              ro code  0x0800374e     0x4  startup_stm32f446xx.o [1]
  .text              ro code  0x08003752     0x4  startup_stm32f446xx.o [1]
  .text              ro code  0x08003756     0x4  startup_stm32f446xx.o [1]
  .text              ro code  0x0800375a     0x4  startup_stm32f446xx.o [1]
  .text              ro code  0x0800375e     0x4  startup_stm32f446xx.o [1]
  .text              ro code  0x08003762     0x4  startup_stm32f446xx.o [1]
  .text              ro code  0x08003766     0x4  startup_stm32f446xx.o [1]
  .text              ro code  0x0800376a     0x4  startup_stm32f446xx.o [1]
  .text              ro code  0x0800376e     0x4  startup_stm32f446xx.o [1]
  .text              ro code  0x08003772     0x4  startup_stm32f446xx.o [1]
  .text              ro code  0x08003776     0x4  startup_stm32f446xx.o [1]
  .text              ro code  0x0800377a     0x4  startup_stm32f446xx.o [1]
  .text              ro code  0x0800377e     0x4  startup_stm32f446xx.o [1]
  .text              ro code  0x08003782     0x4  startup_stm32f446xx.o [1]
  .text              ro code  0x08003786     0x4  startup_stm32f446xx.o [1]
  .text              ro code  0x0800378a     0x4  startup_stm32f446xx.o [1]
  .text              ro code  0x0800378e     0x4  startup_stm32f446xx.o [1]
  .text              ro code  0x08003792     0x4  startup_stm32f446xx.o [1]
  .text              ro code  0x08003796     0x4  startup_stm32f446xx.o [1]
  .text              ro code  0x0800379a     0x4  startup_stm32f446xx.o [1]
  .text              ro code  0x0800379e     0x4  startup_stm32f446xx.o [1]
  .text              ro code  0x080037a2     0x4  startup_stm32f446xx.o [1]
  .text              ro code  0x080037a6     0x4  startup_stm32f446xx.o [1]
  .text              ro code  0x080037aa     0x4  startup_stm32f446xx.o [1]
  .text              ro code  0x080037ae     0x4  startup_stm32f446xx.o [1]
  .text              ro code  0x080037b2     0x4  startup_stm32f446xx.o [1]
  .text              ro code  0x080037b6     0x4  startup_stm32f446xx.o [1]
  .text              ro code  0x080037ba     0x4  startup_stm32f446xx.o [1]
  .text              ro code  0x080037be     0x4  startup_stm32f446xx.o [1]
  .text              ro code  0x080037c2     0x4  startup_stm32f446xx.o [1]
  .text              ro code  0x080037c6     0x4  startup_stm32f446xx.o [1]
  .text              ro code  0x080037ca     0x4  startup_stm32f446xx.o [1]
  .text              ro code  0x080037ce     0x4  startup_stm32f446xx.o [1]
  .text              ro code  0x080037d2     0x4  startup_stm32f446xx.o [1]
  .text              ro code  0x080037d6     0x4  startup_stm32f446xx.o [1]
  .text              ro code  0x080037da     0x4  startup_stm32f446xx.o [1]
  .text              ro code  0x080037de     0x4  startup_stm32f446xx.o [1]
  .text              ro code  0x080037e2     0x4  startup_stm32f446xx.o [1]
  .text              ro code  0x080037e6     0x4  startup_stm32f446xx.o [1]
  .text              ro code  0x080037ea     0x4  startup_stm32f446xx.o [1]
  .text              ro code  0x080037ee     0x4  startup_stm32f446xx.o [1]
  .text              ro code  0x080037f2     0x4  startup_stm32f446xx.o [1]
  .text              ro code  0x080037f6     0x4  startup_stm32f446xx.o [1]
  .text              ro code  0x080037fa     0x4  startup_stm32f446xx.o [1]
  .text              ro code  0x080037fe     0x4  startup_stm32f446xx.o [1]
  .rodata            const    0x08003802     0x0  zero_init3.o [5]
  .rodata            const    0x08003802     0x0  packbits_init_single.o [5]
  Initializer bytes  const    0x08003802    0x7b  <for P2-1>
                            - 0x0800387d  0x36b9

"P2", part 1 of 3:                          0xcc
  P2-1                        0x20000000    0xcc  <Init block>
    .data            inited   0x20000000     0x4  system_stm32f4xx.o [1]
    .data            inited   0x20000004    0x38  xlocale_c.o [3]
    .data            inited   0x2000003c    0x48  xlocale_c.o [3]
    .data            inited   0x20000084    0x48  xfiles.o [3]
                            - 0x200000cc    0xcc

"P2", part 2 of 3:                          0xec
  .bss               zero     0x200000cc    0x54  main.o [1]
  .bss               zero     0x20000120    0x50  xfiles.o [3]
  .bss               zero     0x20000170    0x40  main.o [1]
  .bss               zero     0x200001b0     0x4  stm32f4xx_hal.o [1]
  .bss               zero     0x200001b4     0x4  xfail_s.o [3]
                            - 0x200001b8    0xec

"P2", part 3 of 3:                         0x400
  CSTACK                      0x200001b8   0x400  <Block>
    CSTACK           uninit   0x200001b8   0x400  <Block tail>
                            - 0x200005b8   0x400


*******************************************************************************
*** INIT TABLE
***

          Address     Size
          -------     ----
Zero (__iar_zero_init3)
    1 destination range, total size 0xec:
          0x200000cc  0xec

Copy/packbits (__iar_packbits_init_single3)
    1 source range, total size 0x7b (60% of destination):
          0x08003802  0x7b
    1 destination range, total size 0xcc:
          0x20000000  0xcc



*******************************************************************************
*** MODULE SUMMARY
***

    Module                  ro code  ro data  rw data
    ------                  -------  -------  -------
C:\STm32_proj\STm32f446xx\project\EWARM\project\Obj: [1]
    main.o                      752               148
    startup_stm32f446xx.o       808
    stm32f4xx_hal.o             150                 4
    stm32f4xx_hal_cortex.o      230
    stm32f4xx_hal_gpio.o        456
    stm32f4xx_hal_i2c.o       1 994
    stm32f4xx_hal_msp.o         304
    stm32f4xx_hal_rcc.o         380
    stm32f4xx_hal_rcc_ex.o      908
    stm32f4xx_hal_uart.o        782
    stm32f4xx_it.o               32
    system_stm32f4xx.o           96       10        4
    -------------------------------------------------
    Total:                    6 892       10      156

command line: [2]
    -------------------------------------------------
    Total:

dl7M_tlf.a: [3]
    abort.o                       6
    exit.o                        4
    low_level_init.o              4
    printf.o                     40
    putchar.o                    12
    xencoding_8859_1.o           30
    xfail_s.o                    68                 4
    xfiles.o                              44      152
    xlocale_c.o                 116       83      128
    xmbcurmax.o                  10
    xprintffull.o             3 954
    xprout.o                     22
    -------------------------------------------------
    Total:                    4 266      127      284

m7M_tls.a: [4]
    DblAdd.o                    360
    DblCmpGe.o                   46
    DblCmpLe.o                   46
    DblDiv.o                    582
    DblMul.o                    418
    DblSub.o                    226
    DblToS32.o                   58
    DblToU32.o                   40
    S32ToDbl.o                   34
    U32ToDbl.o                   26
    fpinit_M.o                   34
    frexp.o                     112
    ldexp.o                     314
    -------------------------------------------------
    Total:                    2 296

rt7M_tl.a: [5]
    ABImemcpy.o                 166
    I64DivMod.o                 238
    I64DivZer.o                   2
    cexit.o                      10
    cmain.o                      26
    cstartup_M.o                 12
    data_init.o                  40
    memchr.o                     88
    packbits_init_single.o       56
    strchr.o                     22
    strlen.o                     54
    zero_init3.o                 64
    -------------------------------------------------
    Total:                      778

shb_l.a: [6]
    exit.o                       20
    -------------------------------------------------
    Total:                       20

    Gaps                         38        2
    Linker created                        32    1 024
-----------------------------------------------------
    Grand Total:             14 290      171    1 464


*******************************************************************************
*** ENTRY LIST
***

Entry                      Address   Size  Type      Object
-----                      -------   ----  ----      ------
.iar.init_table$$Base   0x080035e4          --   Gb  - Linker created -
.iar.init_table$$Limit  0x08003604          --   Gb  - Linker created -
?main                   0x08003635         Code  Gb  cmain.o [5]
AHBPrescTable           0x08003510   0x10  Data  Gb  system_stm32f4xx.o [1]
APBPrescTable           0x080036a0    0x8  Data  Gb  system_stm32f4xx.o [1]
BusFault_Handler        0x0800360b    0x2  Code  Gb  stm32f4xx_it.o [1]
CSTACK$$Base            0x200001b8          --   Gb  - Linker created -
CSTACK$$Limit           0x200005b8          --   Gb  - Linker created -
CacheMore               0x08001159   0x24  Code  Lc  xlocale_c.o [3]
DebugMon_Handler        0x08003611    0x2  Code  Gb  stm32f4xx_it.o [1]
HAL_Delay               0x08003479   0x1e  Code  Wk  stm32f4xx_hal.o [1]
HAL_GPIO_Init           0x080028c9  0x194  Code  Gb  stm32f4xx_hal_gpio.o [1]
HAL_GPIO_WritePin       0x08002a5d    0xc  Code  Gb  stm32f4xx_hal_gpio.o [1]
HAL_GetTick             0x080027d5    0xc  Code  Wk  stm32f4xx_hal.o [1]
HAL_I2C_Init            0x08001d5d   0xc8  Code  Gb  stm32f4xx_hal_i2c.o [1]
HAL_I2C_Master_Receive  0x08001edf   0xe4  Code  Gb  stm32f4xx_hal_i2c.o [1]
HAL_I2C_Master_Transmit
                        0x08001e35   0xaa  Code  Gb  stm32f4xx_hal_i2c.o [1]
HAL_I2C_MspInit         0x08002599   0x52  Code  Gb  stm32f4xx_hal_msp.o [1]
HAL_IncTick             0x08003625   0x10  Code  Wk  stm32f4xx_hal.o [1]
HAL_Init                0x08003445   0x30  Code  Gb  stm32f4xx_hal.o [1]
HAL_InitTick            0x08002e1d   0x28  Code  Wk  stm32f4xx_hal.o [1]
HAL_MspInit             0x08002529   0x70  Code  Gb  stm32f4xx_hal_msp.o [1]
HAL_NVIC_EnableIRQ      0x08002853    0xa  Code  Gb  stm32f4xx_hal_cortex.o [1]
HAL_NVIC_SetPriority    0x08002819   0x3a  Code  Gb  stm32f4xx_hal_cortex.o [1]
HAL_NVIC_SetPriorityGrouping
                        0x080027ff   0x1a  Code  Gb  stm32f4xx_hal_cortex.o [1]
HAL_RCC_ClockConfig     0x08002659  0x12a  Code  Gb  stm32f4xx_hal_rcc.o [1]
HAL_RCC_GetHCLKFreq     0x08002791    0x6  Code  Gb  stm32f4xx_hal_rcc.o [1]
HAL_RCC_GetPCLK1Freq    0x08002797   0x10  Code  Gb  stm32f4xx_hal_rcc.o [1]
HAL_RCC_GetPCLK2Freq    0x080027a7    0xe  Code  Gb  stm32f4xx_hal_rcc.o [1]
HAL_RCC_GetSysClockFreq
                        0x08002a91   0x84  Code  Gb  stm32f4xx_hal_rcc_ex.o [1]
HAL_RCC_OscConfig       0x08002b15  0x2d0  Code  Gb  stm32f4xx_hal_rcc_ex.o [1]
HAL_SYSTICK_CLKSourceConfig
                        0x0800288f   0x1a  Code  Gb  stm32f4xx_hal_cortex.o [1]
HAL_SYSTICK_Config      0x08002867   0x28  Code  Gb  stm32f4xx_hal_cortex.o [1]
HAL_SYSTICK_IRQHandler  0x080028c1    0x4  Code  Gb  stm32f4xx_hal_cortex.o [1]
HAL_UART_Init           0x08002e45   0x1e  Code  Gb  stm32f4xx_hal_uart.o [1]
HAL_UART_MspInit        0x080025f9   0x42  Code  Gb  stm32f4xx_hal_msp.o [1]
HAL_UART_Transmit       0x08002ebd   0xaa  Code  Gb  stm32f4xx_hal_uart.o [1]
HardFault_Handler       0x08003607    0x2  Code  Gb  stm32f4xx_it.o [1]
I2C_IsAcknowledgeFailed
                        0x080024ff   0x28  Code  Lc  stm32f4xx_hal_i2c.o [1]
I2C_MasterRequestRead   0x08002243   0xae  Code  Lc  stm32f4xx_hal_i2c.o [1]
I2C_MasterRequestWrite  0x080021bd   0x7a  Code  Lc  stm32f4xx_hal_i2c.o [1]
I2C_WaitOnBTFFlagUntilTimeout
                        0x08002451   0x34  Code  Lc  stm32f4xx_hal_i2c.o [1]
I2C_WaitOnFlagUntilTimeout
                        0x0800232d   0x62  Code  Lc  stm32f4xx_hal_i2c.o [1]
I2C_WaitOnMasterAddressFlagUntilTimeout
                        0x0800238f   0x70  Code  Lc  stm32f4xx_hal_i2c.o [1]
I2C_WaitOnRXNEFlagUntilTimeout
                        0x0800249f   0x52  Code  Lc  stm32f4xx_hal_i2c.o [1]
I2C_WaitOnTXEFlagUntilTimeout
                        0x0800241d   0x34  Code  Lc  stm32f4xx_hal_i2c.o [1]
LoadInt                 0x08000393   0x7a  Code  Lc  xprintffull.o [3]
MemManage_Handler       0x08003609    0x2  Code  Gb  stm32f4xx_it.o [1]
NMI_Handler             0x08003605    0x2  Code  Gb  stm32f4xx_it.o [1]
NVIC_SetPriority        0x080027e1   0x1e  Code  Lc  stm32f4xx_hal_cortex.o [1]
PendSV_Handler          0x08003613    0x2  Code  Gb  stm32f4xx_it.o [1]
RCC_IRQHandler          0x08003623    0x2  Code  Gb  stm32f4xx_it.o [1]
Region$$Table$$Base     0x080035e4          --   Gb  - Linker created -
Region$$Table$$Limit    0x08003604          --   Gb  - Linker created -
SVC_Handler             0x0800360f    0x2  Code  Gb  stm32f4xx_it.o [1]
SysTick_Handler         0x08003615    0xe  Code  Gb  stm32f4xx_it.o [1]
SystemClock_Config      0x0800334f   0xaa  Code  Gb  main.o [1]
SystemCoreClock         0x20000000    0x4  Data  Gb  system_stm32f4xx.o [1]
SystemInit              0x080034c1   0x3a  Code  Gb  system_stm32f4xx.o [1]
UART_SetConfig          0x08002fd3  0x13a  Code  Lc  stm32f4xx_hal_uart.o [1]
UART_WaitOnFlagUntilTimeout
                        0x08002f6f   0x56  Code  Lc  stm32f4xx_hal_uart.o [1]
UsageFault_Handler      0x0800360d    0x2  Code  Gb  stm32f4xx_it.o [1]
_Encoding_8859_1_Mbrlen
                        0x08001149    0x2  Code  Gb  xencoding_8859_1.o [3]
_Encoding_8859_1_Wctomb
                        0x08001137   0x12  Code  Gb  xencoding_8859_1.o [3]
_GenldFull              0x08000e07  0x27e  Code  Lc  xprintffull.o [3]
_LdtobFull              0x080009ed  0x3f0  Code  Lc  xprintffull.o [3]
_LitobFull              0x08000891  0x116  Code  Lc  xprintffull.o [3]
_Locale_lconv           0x20000004   0x38  Data  Lc  xlocale_c.o [3]
_PrintfFull             0x080001c5  0x1b6  Code  Gb  xprintffull.o [3]
_Prout                  0x08003663   0x16  Code  Gb  xprout.o [3]
_PutcharsFull           0x08001085   0x2e  Code  Lc  xprintffull.o [3]
_PutfldFull             0x0800040d  0x2d0  Code  Lc  xprintffull.o [3]
_PutstrFull             0x080007d3   0xbe  Code  Lc  xprintffull.o [3]
_PuttxtFull             0x080006dd   0xf6  Code  Lc  xprintffull.o [3]
__aeabi_cdcmple         0x0800166d         Code  Gb  DblCmpLe.o [4]
__aeabi_cdrcmple        0x0800169d         Code  Gb  DblCmpGe.o [4]
__aeabi_d2iz            0x08001809         Code  Gb  DblToS32.o [4]
__aeabi_d2uiz           0x08001b95         Code  Gb  DblToU32.o [4]
__aeabi_ddiv            0x0800194d         Code  Gb  DblDiv.o [4]
__aeabi_dmul            0x08001459         Code  Gb  DblMul.o [4]
__aeabi_dsub            0x08001869         Code  Gb  DblSub.o [4]
__aeabi_i2d             0x08001845         Code  Gb  S32ToDbl.o [4]
__aeabi_ldiv0           0x08001bdd         Code  Gb  I64DivZer.o [5]
__aeabi_memcpy          0x080012c1         Code  Gb  ABImemcpy.o [5]
__aeabi_memcpy4         0x080012e1         Code  Gb  ABImemcpy.o [5]
__aeabi_memcpy8         0x080012e1         Code  Gb  ABImemcpy.o [5]
__aeabi_ui2d            0x08001bbd         Code  Gb  U32ToDbl.o [4]
__aeabi_uldivmod        0x08001369         Code  Gb  I64DivMod.o [5]
__cmain                 0x08003635         Code  Gb  cmain.o [5]
__exit                  0x08001d49   0x14  Code  Gb  exit.o [6]
__iar_Fail_s            0x080011e1   0x1e  Code  Gb  xfail_s.o [3]
__iar_Mbcurmax          0x080012b5    0xa  Code  Gb  xmbcurmax.o [3]
__iar_Memchr            0x0800125d         Code  Gb  memchr.o [5]
__iar_Stdout            0x20000084   0x48  Data  Gb  xfiles.o [3]
__iar_Strchr            0x080011c9         Code  Gb  strchr.o [5]
__iar_dadd              0x08001879         Code  Gb  DblSub.o [4]
__iar_data_init3        0x08003599   0x28  Code  Gb  data_init.o [5]
__iar_dsub              0x08001be1         Code  Gb  DblAdd.o [4]
__iar_dsubStart         0x08001bf3         Code  Gb  DblAdd.o [4]
__iar_frexp             0x08001609         Code  Gb  frexp.o [4]
__iar_frexpl            0x08001609         Code  Gb  frexp.o [4]
__iar_globLocale        0x2000003c   0x48  Data  Lc  xlocale_c.o [3]
__iar_global_Locale     0x08001155    0x4  Code  Gb  xlocale_c.o [3]
__iar_init_vfp          0x080035c1         Code  Gb  fpinit_M.o [4]
__iar_ldexp64           0x080016cd         Code  Gb  ldexp.o [4]
__iar_packbits_init_single3
                        0x08003561   0x38  Code  Gb  packbits_init_single.o [5]
__iar_program_start     0x08003695         Code  Gb  cstartup_M.o [5]
__iar_scalbln64         0x080016cd         Code  Gb  ldexp.o [4]
__iar_scalbn64          0x080016cd         Code  Gb  ldexp.o [4]
__iar_softfp___iar_frexp64
                        0x080015fd         Code  Gb  frexp.o [4]
__iar_softfp_frexp      0x080015fd         Code  Gb  frexp.o [4]
__iar_softfp_frexpl     0x080015fd         Code  Gb  frexp.o [4]
__iar_systems$$module {Abs}
                        0x00000001         Data  Gb  command line/config [2]
__iar_zero_init3        0x08003521   0x40  Code  Gb  zero_init3.o [5]
__low_level_init        0x0800364f    0x4  Code  Gb  low_level_init.o [3]
__vector_table          0x08000000         Data  Gb  startup_stm32f446xx.o [1]
_call_main              0x08003641         Code  Gb  cmain.o [5]
_exit                   0x08003659         Code  Gb  cexit.o [5]
_gLocale_mblen          0x080011b5    0x4  Code  Gb  xlocale_c.o [3]
_gLocale_mblenInt       0x0800117d   0x34  Code  Gb  xlocale_c.o [3]
_gLocale_wctomb         0x080011b9    0x4  Code  Gb  xlocale_c.o [3]
_gLocale_wctombInt      0x080011b1    0x4  Code  Gb  xlocale_c.o [3]
_main                   0x0800364b         Code  Gb  cmain.o [5]
abort                   0x08001bd7    0x6  Code  Gb  abort.o [3]
exit                    0x08003653    0x4  Code  Gb  exit.o [3]
fputc                   0x08003155   0x14  Code  Gb  main.o [1]
hi2c3                   0x200000cc   0x54  Data  Gb  main.o [1]
huart2                  0x20000170   0x40  Data  Gb  main.o [1]
ldexp                   0x080016cd         Code  Gb  ldexp.o [4]
ldexpl                  0x080016cd         Code  Gb  ldexp.o [4]
localeconv              0x080011bd    0x4  Code  Gb  xlocale_c.o [3]
main                    0x08003169  0x1d6  Code  Gb  main.o [1]
memchr                  0x0800125d         Code  Gb  memchr.o [5]
obuf                    0x20000120   0x50  Data  Lc  xfiles.o [3]
printf                  0x08003499   0x28  Code  Gb  printf.o [3]
putchar                 0x08003679    0xc  Code  Gb  putchar.o [3]
scalbln                 0x080016cd         Code  Gb  ldexp.o [4]
scalblnl                0x080016cd         Code  Gb  ldexp.o [4]
scalbn                  0x080016cd         Code  Gb  ldexp.o [4]
scalbnl                 0x080016cd         Code  Gb  ldexp.o [4]
scale                   0x080009a7   0x46  Code  Lc  xprintffull.o [3]
sec_hand                0x200001b4    0x4  Data  Lc  xfail_s.o [3]
strchr                  0x080011c9         Code  Gb  strchr.o [5]
strlen                  0x08001225         Code  Gb  strlen.o [5]
uwTick                  0x200001b0    0x4  Data  Gb  stm32f4xx_hal.o [1]


[1] = C:\STm32_proj\STm32f446xx\project\EWARM\project\Obj
[2] = command line
[3] = dl7M_tlf.a
[4] = m7M_tls.a
[5] = rt7M_tl.a
[6] = shb_l.a

  14 290 bytes of readonly  code memory
     171 bytes of readonly  data memory
   1 464 bytes of readwrite data memory

Errors: none
Warnings: none
