###############################################################################
#
# IAR ELF Linker V8.11.2.13589/W32 for ARM                06/Nov/2017  23:57:48
# Copyright 2007-2017 IAR Systems AB.
#
#    Output file  =  
#        C:\STm32_proj\STm32f446_Proj\project\EWARM\project\Exe\project.out
#    Map file     =  
#        C:\STm32_proj\STm32f446_Proj\project\EWARM\project\List\project.map
#    Command line =  
#        -f C:\Users\Izzy\AppData\Local\Temp\EWF78E.tmp
#        (C:\STm32_proj\STm32f446_Proj\project\EWARM\project\Obj\main.o
#        C:\STm32_proj\STm32f446_Proj\project\EWARM\project\Obj\startup_stm32f446xx.o
#        C:\STm32_proj\STm32f446_Proj\project\EWARM\project\Obj\stm32f4xx_hal.o
#        C:\STm32_proj\STm32f446_Proj\project\EWARM\project\Obj\stm32f4xx_hal_cortex.o
#        C:\STm32_proj\STm32f446_Proj\project\EWARM\project\Obj\stm32f4xx_hal_dma.o
#        C:\STm32_proj\STm32f446_Proj\project\EWARM\project\Obj\stm32f4xx_hal_dma_ex.o
#        C:\STm32_proj\STm32f446_Proj\project\EWARM\project\Obj\stm32f4xx_hal_flash.o
#        C:\STm32_proj\STm32f446_Proj\project\EWARM\project\Obj\stm32f4xx_hal_flash_ex.o
#        C:\STm32_proj\STm32f446_Proj\project\EWARM\project\Obj\stm32f4xx_hal_flash_ramfunc.o
#        C:\STm32_proj\STm32f446_Proj\project\EWARM\project\Obj\stm32f4xx_hal_gpio.o
#        C:\STm32_proj\STm32f446_Proj\project\EWARM\project\Obj\stm32f4xx_hal_msp.o
#        C:\STm32_proj\STm32f446_Proj\project\EWARM\project\Obj\stm32f4xx_hal_pwr.o
#        C:\STm32_proj\STm32f446_Proj\project\EWARM\project\Obj\stm32f4xx_hal_pwr_ex.o
#        C:\STm32_proj\STm32f446_Proj\project\EWARM\project\Obj\stm32f4xx_hal_rcc.o
#        C:\STm32_proj\STm32f446_Proj\project\EWARM\project\Obj\stm32f4xx_hal_rcc_ex.o
#        C:\STm32_proj\STm32f446_Proj\project\EWARM\project\Obj\stm32f4xx_hal_tim.o
#        C:\STm32_proj\STm32f446_Proj\project\EWARM\project\Obj\stm32f4xx_hal_tim_ex.o
#        C:\STm32_proj\STm32f446_Proj\project\EWARM\project\Obj\stm32f4xx_it.o
#        C:\STm32_proj\STm32f446_Proj\project\EWARM\project\Obj\system_stm32f4xx.o
#        --redirect _Printf=_PrintfFull --redirect _Scanf=_ScanfFull -o
#        C:\STm32_proj\STm32f446_Proj\project\EWARM\project\Exe\project.out
#        --map
#        C:\STm32_proj\STm32f446_Proj\project\EWARM\project\List\project.map
#        --config
#        C:\STm32_proj\STm32f446_Proj\project\EWARM/stm32f446xx_flash.icf
#        --semihosting --entry __iar_program_start --vfe --text_out locale)
#
###############################################################################

*******************************************************************************
*** RUNTIME MODEL ATTRIBUTES
***

CppFlavor       = *
__SystemLibrary = DLib
__dlib_version  = 6


*******************************************************************************
*** HEAP SELECTION
***

The basic heap was selected because some modules are built with
size limitations (and not runtime checking), and --advanced_heap
was not specified.


*******************************************************************************
*** PLACEMENT SUMMARY
***

"A0":  place at 0x08000000 { ro section .intvec };
"P1":  place in [from 0x08000000 to 0x0807ffff] { ro };
define block CSTACK with size = 1K, alignment = 8 { };
define block HEAP with size = 512, alignment = 8 { };
"P2":  place in [from 0x20000000 to 0x2001ffff] {
          rw, block CSTACK, block HEAP };
initialize by copy { rw };

  Section            Kind        Address   Size  Object
  -------            ----        -------   ----  ------
"A0":                                     0x1c4
  .intvec            ro code  0x08000000  0x1c4  startup_stm32f446xx.o [1]
                            - 0x080001c4  0x1c4

"P1":                                     0xc44
  .text              ro code  0x080001c4  0x38c  stm32f4xx_hal_rcc_ex.o [1]
  .text              ro code  0x08000550    0xc  stm32f4xx_hal.o [1]
  .text              ro code  0x0800055c  0x1d0  stm32f4xx_hal_gpio.o [1]
  .text              ro code  0x0800072c  0x150  stm32f4xx_hal_rcc.o [1]
  .text              ro code  0x0800087c   0x28  stm32f4xx_hal.o [1]
  .text              ro code  0x080008a4   0xce  stm32f4xx_hal_cortex.o [1]
  .text              ro code  0x08000974  0x104  main.o [1]
  .text              ro code  0x08000a78   0x34  stm32f4xx_hal.o [1]
  .text              ro code  0x08000aac   0x1e  stm32f4xx_hal.o [1]
  .text              ro code  0x08000aca   0x60  stm32f4xx_hal_msp.o [1]
  .text              ro code  0x08000b2c   0x60  system_stm32f4xx.o [1]
  .text              ro code  0x08000b8c   0x2c  copy_init3.o [5]
  .text              ro code  0x08000bb8   0x28  data_init.o [5]
  .text              ro code  0x08000be0   0x22  fpinit_M.o [4]
  .iar.init_table    const    0x08000c04   0x14  - Linker created -
  .text              ro code  0x08000c18   0x1e  stm32f4xx_it.o [1]
  .text              ro code  0x08000c38   0x10  stm32f4xx_hal.o [1]
  .text              ro code  0x08000c48   0x1a  cmain.o [5]
  .text              ro code  0x08000c62    0x4  low_level_init.o [3]
  .text              ro code  0x08000c66    0x4  exit.o [3]
  .text              ro code  0x08000c6c    0xa  cexit.o [5]
  .text              ro code  0x08000c78   0x14  exit.o [6]
  .text              ro code  0x08000c8c   0x10  startup_stm32f446xx.o [1]
  .text              ro code  0x08000c9c    0xc  cstartup_M.o [5]
  Initializer bytes  const    0x08000ca8    0x8  <for P2-1>
  .text              ro code  0x08000cb0    0x4  startup_stm32f446xx.o [1]
  .text              ro code  0x08000cb4    0x4  startup_stm32f446xx.o [1]
  .text              ro code  0x08000cb8    0x4  startup_stm32f446xx.o [1]
  .text              ro code  0x08000cbc    0x4  startup_stm32f446xx.o [1]
  .text              ro code  0x08000cc0    0x4  startup_stm32f446xx.o [1]
  .text              ro code  0x08000cc4    0x4  startup_stm32f446xx.o [1]
  .text              ro code  0x08000cc8    0x4  startup_stm32f446xx.o [1]
  .text              ro code  0x08000ccc    0x4  startup_stm32f446xx.o [1]
  .text              ro code  0x08000cd0    0x4  startup_stm32f446xx.o [1]
  .text              ro code  0x08000cd4    0x4  startup_stm32f446xx.o [1]
  .text              ro code  0x08000cd8    0x4  startup_stm32f446xx.o [1]
  .text              ro code  0x08000cdc    0x4  startup_stm32f446xx.o [1]
  .text              ro code  0x08000ce0    0x4  startup_stm32f446xx.o [1]
  .text              ro code  0x08000ce4    0x4  startup_stm32f446xx.o [1]
  .text              ro code  0x08000ce8    0x4  startup_stm32f446xx.o [1]
  .text              ro code  0x08000cec    0x4  startup_stm32f446xx.o [1]
  .text              ro code  0x08000cf0    0x4  startup_stm32f446xx.o [1]
  .text              ro code  0x08000cf4    0x4  startup_stm32f446xx.o [1]
  .text              ro code  0x08000cf8    0x4  startup_stm32f446xx.o [1]
  .text              ro code  0x08000cfc    0x4  startup_stm32f446xx.o [1]
  .text              ro code  0x08000d00    0x4  startup_stm32f446xx.o [1]
  .text              ro code  0x08000d04    0x4  startup_stm32f446xx.o [1]
  .text              ro code  0x08000d08    0x4  startup_stm32f446xx.o [1]
  .text              ro code  0x08000d0c    0x4  startup_stm32f446xx.o [1]
  .text              ro code  0x08000d10    0x4  startup_stm32f446xx.o [1]
  .text              ro code  0x08000d14    0x4  startup_stm32f446xx.o [1]
  .text              ro code  0x08000d18    0x4  startup_stm32f446xx.o [1]
  .text              ro code  0x08000d1c    0x4  startup_stm32f446xx.o [1]
  .text              ro code  0x08000d20    0x4  startup_stm32f446xx.o [1]
  .text              ro code  0x08000d24    0x4  startup_stm32f446xx.o [1]
  .text              ro code  0x08000d28    0x4  startup_stm32f446xx.o [1]
  .text              ro code  0x08000d2c    0x4  startup_stm32f446xx.o [1]
  .text              ro code  0x08000d30    0x4  startup_stm32f446xx.o [1]
  .text              ro code  0x08000d34    0x4  startup_stm32f446xx.o [1]
  .text              ro code  0x08000d38    0x4  startup_stm32f446xx.o [1]
  .text              ro code  0x08000d3c    0x4  startup_stm32f446xx.o [1]
  .text              ro code  0x08000d40    0x4  startup_stm32f446xx.o [1]
  .text              ro code  0x08000d44    0x4  startup_stm32f446xx.o [1]
  .text              ro code  0x08000d48    0x4  startup_stm32f446xx.o [1]
  .text              ro code  0x08000d4c    0x4  startup_stm32f446xx.o [1]
  .text              ro code  0x08000d50    0x4  startup_stm32f446xx.o [1]
  .text              ro code  0x08000d54    0x4  startup_stm32f446xx.o [1]
  .text              ro code  0x08000d58    0x4  startup_stm32f446xx.o [1]
  .text              ro code  0x08000d5c    0x4  startup_stm32f446xx.o [1]
  .text              ro code  0x08000d60    0x4  startup_stm32f446xx.o [1]
  .text              ro code  0x08000d64    0x4  startup_stm32f446xx.o [1]
  .text              ro code  0x08000d68    0x4  startup_stm32f446xx.o [1]
  .text              ro code  0x08000d6c    0x4  startup_stm32f446xx.o [1]
  .text              ro code  0x08000d70    0x4  startup_stm32f446xx.o [1]
  .text              ro code  0x08000d74    0x4  startup_stm32f446xx.o [1]
  .text              ro code  0x08000d78    0x4  startup_stm32f446xx.o [1]
  .text              ro code  0x08000d7c    0x4  startup_stm32f446xx.o [1]
  .text              ro code  0x08000d80    0x4  startup_stm32f446xx.o [1]
  .text              ro code  0x08000d84    0x4  startup_stm32f446xx.o [1]
  .text              ro code  0x08000d88    0x4  startup_stm32f446xx.o [1]
  .text              ro code  0x08000d8c    0x4  startup_stm32f446xx.o [1]
  .text              ro code  0x08000d90    0x4  startup_stm32f446xx.o [1]
  .text              ro code  0x08000d94    0x4  startup_stm32f446xx.o [1]
  .text              ro code  0x08000d98    0x4  startup_stm32f446xx.o [1]
  .text              ro code  0x08000d9c    0x4  startup_stm32f446xx.o [1]
  .text              ro code  0x08000da0    0x4  startup_stm32f446xx.o [1]
  .text              ro code  0x08000da4    0x4  startup_stm32f446xx.o [1]
  .text              ro code  0x08000da8    0x4  startup_stm32f446xx.o [1]
  .text              ro code  0x08000dac    0x4  startup_stm32f446xx.o [1]
  .text              ro code  0x08000db0    0x4  startup_stm32f446xx.o [1]
  .text              ro code  0x08000db4    0x4  startup_stm32f446xx.o [1]
  .text              ro code  0x08000db8    0x4  startup_stm32f446xx.o [1]
  .text              ro code  0x08000dbc    0x4  startup_stm32f446xx.o [1]
  .text              ro code  0x08000dc0    0x4  startup_stm32f446xx.o [1]
  .text              ro code  0x08000dc4    0x4  startup_stm32f446xx.o [1]
  .text              ro code  0x08000dc8    0x4  startup_stm32f446xx.o [1]
  .text              ro code  0x08000dcc    0x4  startup_stm32f446xx.o [1]
  .text              ro code  0x08000dd0    0x4  startup_stm32f446xx.o [1]
  .text              ro code  0x08000dd4    0x4  startup_stm32f446xx.o [1]
  .text              ro code  0x08000dd8    0x4  startup_stm32f446xx.o [1]
  .text              ro code  0x08000ddc    0x4  startup_stm32f446xx.o [1]
  .text              ro code  0x08000de0    0x4  startup_stm32f446xx.o [1]
  .text              ro code  0x08000de4    0x4  startup_stm32f446xx.o [1]
  .text              ro code  0x08000de8    0x4  startup_stm32f446xx.o [1]
  .text              ro code  0x08000dec    0x4  startup_stm32f446xx.o [1]
  .text              ro code  0x08000df0    0x4  startup_stm32f446xx.o [1]
  .text              ro code  0x08000df4    0x4  startup_stm32f446xx.o [1]
  .text              ro code  0x08000df8    0x4  startup_stm32f446xx.o [1]
  .text              ro code  0x08000dfc    0x4  startup_stm32f446xx.o [1]
  .text              ro code  0x08000e00    0x4  startup_stm32f446xx.o [1]
  .text              ro code  0x08000e04    0x4  startup_stm32f446xx.o [1]
  .rodata            const    0x08000e08    0x0  copy_init3.o [5]
                            - 0x08000e08  0xc44

"P2", part 1 of 2:                          0x8
  P2-1                        0x20000000    0x8  <Init block>
    .data            inited   0x20000000    0x4  system_stm32f4xx.o [1]
    .bss             inited   0x20000004    0x4  stm32f4xx_hal.o [1]
                            - 0x20000008    0x8

"P2", part 2 of 2:                        0x400
  CSTACK                      0x20000008  0x400  <Block>
    CSTACK           uninit   0x20000008  0x400  <Block tail>
                            - 0x20000408  0x400


*******************************************************************************
*** INIT TABLE
***

          Address     Size
          -------     ----
Copy (__iar_copy_init3)
    1 source range, total size 0x8:
          0x08000ca8   0x8
    1 destination range, total size 0x8:
          0x20000000   0x8



*******************************************************************************
*** MODULE SUMMARY
***

    Module                  ro code  ro data  rw data
    ------                  -------  -------  -------
C:\STm32_proj\STm32f446_Proj\project\EWARM\project\Obj: [1]
    main.o                      260
    startup_stm32f446xx.o       812
    stm32f4xx_hal.o             150        4        4
    stm32f4xx_hal_cortex.o      206
    stm32f4xx_hal_gpio.o        464
    stm32f4xx_hal_msp.o          96
    stm32f4xx_hal_rcc.o         336
    stm32f4xx_hal_rcc_ex.o      908
    stm32f4xx_it.o               30
    system_stm32f4xx.o           96        4        4
    -------------------------------------------------
    Total:                    3 358        8        8

command line: [2]
    -------------------------------------------------
    Total:

dl7M_tlf.a: [3]
    exit.o                        4
    low_level_init.o              4
    -------------------------------------------------
    Total:                        8

m7M_tls.a: [4]
    fpinit_M.o                   34
    -------------------------------------------------
    Total:                       34

rt7M_tl.a: [5]
    cexit.o                      10
    cmain.o                      26
    copy_init3.o                 44
    cstartup_M.o                 12
    data_init.o                  40
    -------------------------------------------------
    Total:                      132

shb_l.a: [6]
    exit.o                       20
    -------------------------------------------------
    Total:                       20

    Gaps                         10        2
    Linker created                        20    1 024
-----------------------------------------------------
    Grand Total:              3 562       30    1 032


*******************************************************************************
*** ENTRY LIST
***

Entry                      Address   Size  Type      Object
-----                      -------   ----  ----      ------
.iar.init_table$$Base   0x08000c04          --   Gb  - Linker created -
.iar.init_table$$Limit  0x08000c18          --   Gb  - Linker created -
?main                   0x08000c49         Code  Gb  cmain.o [5]
AHBPrescTable           0x08000b7c   0x10  Data  Gb  system_stm32f4xx.o [1]
BusFault_Handler        0x08000c1f    0x2  Code  Gb  stm32f4xx_it.o [1]
CSTACK$$Base            0x20000008          --   Gb  - Linker created -
CSTACK$$Limit           0x20000408          --   Gb  - Linker created -
DebugMon_Handler        0x08000c25    0x2  Code  Gb  stm32f4xx_it.o [1]
HAL_Delay               0x08000aad   0x1e  Code  Wk  stm32f4xx_hal.o [1]
HAL_GPIO_Init           0x0800055d  0x194  Code  Gb  stm32f4xx_hal_gpio.o [1]
HAL_GPIO_TogglePin      0x080006fd    0x8  Code  Gb  stm32f4xx_hal_gpio.o [1]
HAL_GPIO_WritePin       0x080006f1    0xc  Code  Gb  stm32f4xx_hal_gpio.o [1]
HAL_GetTick             0x08000551    0xc  Code  Wk  stm32f4xx_hal.o [1]
HAL_IncTick             0x08000c39   0x10  Code  Wk  stm32f4xx_hal.o [1]
HAL_Init                0x08000a79   0x30  Code  Gb  stm32f4xx_hal.o [1]
HAL_InitTick            0x0800087d   0x28  Code  Wk  stm32f4xx_hal.o [1]
HAL_MspInit             0x08000acb   0x60  Code  Gb  stm32f4xx_hal_msp.o [1]
HAL_NVIC_SetPriority    0x080008dd   0x3a  Code  Gb  stm32f4xx_hal_cortex.o [1]
HAL_NVIC_SetPriorityGrouping
                        0x080008c3   0x1a  Code  Gb  stm32f4xx_hal_cortex.o [1]
HAL_RCC_ClockConfig     0x0800072d  0x12a  Code  Gb  stm32f4xx_hal_rcc.o [1]
HAL_RCC_GetHCLKFreq     0x08000865    0x6  Code  Gb  stm32f4xx_hal_rcc.o [1]
HAL_RCC_GetSysClockFreq
                        0x080001c5   0x84  Code  Gb  stm32f4xx_hal_rcc_ex.o [1]
HAL_RCC_OscConfig       0x08000249  0x2d0  Code  Gb  stm32f4xx_hal_rcc_ex.o [1]
HAL_SYSTICK_CLKSourceConfig
                        0x0800093f   0x1a  Code  Gb  stm32f4xx_hal_cortex.o [1]
HAL_SYSTICK_Config      0x08000917   0x28  Code  Gb  stm32f4xx_hal_cortex.o [1]
HAL_SYSTICK_IRQHandler  0x0800096d    0x4  Code  Gb  stm32f4xx_hal_cortex.o [1]
HardFault_Handler       0x08000c1b    0x2  Code  Gb  stm32f4xx_it.o [1]
MemManage_Handler       0x08000c1d    0x2  Code  Gb  stm32f4xx_it.o [1]
NMI_Handler             0x08000c19    0x2  Code  Gb  stm32f4xx_it.o [1]
NVIC_SetPriority        0x080008a5   0x1e  Code  Lc  stm32f4xx_hal_cortex.o [1]
PendSV_Handler          0x08000c27    0x2  Code  Gb  stm32f4xx_it.o [1]
Region$$Table$$Base     0x08000c04          --   Gb  - Linker created -
Region$$Table$$Limit    0x08000c18          --   Gb  - Linker created -
SVC_Handler             0x08000c23    0x2  Code  Gb  stm32f4xx_it.o [1]
SysTick_Handler         0x08000c29    0xe  Code  Gb  stm32f4xx_it.o [1]
SystemClock_Config      0x080009d7   0x90  Code  Gb  main.o [1]
SystemCoreClock         0x20000000    0x4  Data  Gb  system_stm32f4xx.o [1]
SystemInit              0x08000b2d   0x3a  Code  Gb  system_stm32f4xx.o [1]
UsageFault_Handler      0x08000c21    0x2  Code  Gb  stm32f4xx_it.o [1]
__cmain                 0x08000c49         Code  Gb  cmain.o [5]
__exit                  0x08000c79   0x14  Code  Gb  exit.o [6]
__iar_copy_init3        0x08000b8d   0x2c  Code  Gb  copy_init3.o [5]
__iar_data_init3        0x08000bb9   0x28  Code  Gb  data_init.o [5]
__iar_init_vfp          0x08000be1         Code  Gb  fpinit_M.o [4]
__iar_program_start     0x08000c9d         Code  Gb  cstartup_M.o [5]
__iar_systems$$module {Abs}
                        0x00000001         Data  Gb  command line/config [2]
__low_level_init        0x08000c63    0x4  Code  Gb  low_level_init.o [3]
__vector_table          0x08000000         Data  Gb  startup_stm32f446xx.o [1]
_call_main              0x08000c55         Code  Gb  cmain.o [5]
_exit                   0x08000c6d         Code  Gb  cexit.o [5]
_main                   0x08000c5f         Code  Gb  cmain.o [5]
exit                    0x08000c67    0x4  Code  Gb  exit.o [3]
main                    0x08000975   0x62  Code  Gb  main.o [1]
uwTick                  0x20000004    0x4  Data  Gb  stm32f4xx_hal.o [1]


[1] = C:\STm32_proj\STm32f446_Proj\project\EWARM\project\Obj
[2] = command line
[3] = dl7M_tlf.a
[4] = m7M_tls.a
[5] = rt7M_tl.a
[6] = shb_l.a

  3 562 bytes of readonly  code memory
     30 bytes of readonly  data memory
  1 032 bytes of readwrite data memory

Errors: none
Warnings: none
